[dotenv@17.2.1] injecting env (21) from .env.local -- tip: ⚙️  suppress all logs with { quiet: true }
╔══════════════════════════════════════════════════════════════════╗
║         Copernicus Marine Data Ingestion - OCEAN CURRENT        ║
╚══════════════════════════════════════════════════════════════════╝

✅ Using REAL Copernicus Marine Service API

📥 Fetching ICES rectangles...
✅ Found 325 rectangles
   5 offshore (>50km from shore) - high data availability expected
   0 coastal/nearshore - may have limited/no data
⚠️  Processing first 5 rectangles only (FINDR_CONDITIONS_LIMIT set)

📍 31Q6: (62.75, 28.50)
   🌊 Fetching Copernicus data for (62.75, 28.5)...
   🌊 Fetching cmems_mod_glo_phy-thetao_anfc_0.083deg_P1D-m...
   🌊 Fetching cmems_mod_glo_bgc-bio_anfc_0.25deg_P1D-m...
   🌊 Fetching cmems_mod_glo_wav_anfc_0.083deg_PT3H-i...
   ⚠️  No valid data for (62.75, 28.5) - location may be too close to shore or outside model domain
   ❌ No Copernicus data available
📍 30Q6: (62.25, 27.50)
   🌊 Fetching Copernicus data for (62.25, 27.5)...
   🌊 Fetching cmems_mod_glo_phy-thetao_anfc_0.083deg_P1D-m...
   🌊 Fetching cmems_mod_glo_bgc-bio_anfc_0.25deg_P1D-m...
   🌊 Fetching cmems_mod_glo_wav_anfc_0.083deg_PT3H-i...
   ⚠️  No valid data for (62.25, 27.5) - location may be too close to shore or outside model domain
   ❌ No Copernicus data available
📍 29Q6: (61.75, 26.50)
   🌊 Fetching Copernicus data for (61.75, 26.5)...
   🌊 Fetching cmems_mod_glo_phy-thetao_anfc_0.083deg_P1D-m...
   🌊 Fetching cmems_mod_glo_bgc-bio_anfc_0.25deg_P1D-m...
   🌊 Fetching cmems_mod_glo_wav_anfc_0.083deg_PT3H-i...
   ⚠️  No valid data for (61.75, 26.5) - location may be too close to shore or outside model domain
   ❌ No Copernicus data available
📍 37W9: (37.50, 33.50)
   🌊 Fetching Copernicus data for (37.5, 33.5)...
   🌊 Fetching cmems_mod_glo_phy-thetao_anfc_0.083deg_P1D-m...
   🌊 Fetching cmems_mod_glo_bgc-bio_anfc_0.25deg_P1D-m...
   🌊 Fetching cmems_mod_glo_wav_anfc_0.083deg_PT3H-i...
   ⚠️  No valid data for (37.5, 33.5) - location may be too close to shore or outside model domain
   ❌ No Copernicus data available
📍 37W8: (37.50, 32.50)
   🌊 Fetching Copernicus data for (37.5, 32.5)...
   🌊 Fetching cmems_mod_glo_phy-thetao_anfc_0.083deg_P1D-m...
   🌊 Fetching cmems_mod_glo_bgc-bio_anfc_0.25deg_P1D-m...
   🌊 Fetching cmems_mod_glo_wav_anfc_0.083deg_PT3H-i...
   ⚠️  No valid data for (37.5, 32.5) - location may be too close to shore or outside model domain
   ❌ No Copernicus data available

╔══════════════════════════════════════════════════════════════════╗
║                      INGESTION COMPLETE                          ║
╚══════════════════════════════════════════════════════════════════╝

✅ Success: 0/5 rectangles
❌ Failed: 5/5 rectangles
⏱️  Total time: 123s (0.04 rectangles/sec)

💡 Next Steps:
   1. Verify data: npx tsx scripts/verify-database-status.ts
   2. Test integration: npx tsx scripts/test-ocean-current-integration.ts
   3. Set up daily cron in GitHub Actions (.github/workflows/findr-copernicus-ingest.yml)
